0:0:0:0:0:0:0:1 - - [23/Feb/2012:11:40:19 +0800] "POST /JavaServerPagePrograming/JavaServerPagePrograming.jsp HTTP/1.1" 200 10722 "-" "Mozilla/4.0 (compatible; MSIE 8.0; Windows NT 6.1; Trident/4.0; SLCC2; .NET CLR 2.0.50727; .NET CLR 3.5.30729; .NET CLR 3.0.30729; .NET4.0C; .NET4.0E; Media Center PC 6.0)"
0:0:0:0:0:0:0:1 - - [23/Feb/2012:11:40:19 +0800] "GET /JavaServerPagePrograming/Submit%20Files/null HTTP/1.1" 200 0 "http://localhost:8080/JavaServerPagePrograming/JavaServerPagePrograming.jsp" "Mozilla/4.0 (compatible; MSIE 8.0; Windows NT 6.1; Trident/4.0; SLCC2; .NET CLR 2.0.50727; .NET CLR 3.5.30729; .NET CLR 3.0.30729; .NET4.0C; .NET4.0E; Media Center PC 6.0)"
0:0:0:0:0:0:0:1 - - [23/Feb/2012:11:40:19 +0800] "GET /JavaServerPagePrograming/X.jpg HTTP/1.1" 200 56772 "http://localhost:8080/JavaServerPagePrograming/JavaServerPagePrograming.jsp" "Mozilla/4.0 (compatible; MSIE 8.0; Windows NT 6.1; Trident/4.0; SLCC2; .NET CLR 2.0.50727; .NET CLR 3.5.30729; .NET CLR 3.0.30729; .NET4.0C; .NET4.0E; Media Center PC 6.0)"
0:0:0:0:0:0:0:1 - - [23/Feb/2012:11:40:19 +0800] "GET /JavaServerPagePrograming/W.jpg HTTP/1.1" 200 125688 "http://localhost:8080/JavaServerPagePrograming/JavaServerPagePrograming.jsp" "Mozilla/4.0 (compatible; MSIE 8.0; Windows NT 6.1; Trident/4.0; SLCC2; .NET CLR 2.0.50727; .NET CLR 3.5.30729; .NET CLR 3.0.30729; .NET4.0C; .NET4.0E; Media Center PC 6.0)"
0:0:0:0:0:0:0:1 - - [23/Feb/2012:11:40:21 +0800] "GET /JavaServerPagePrograming/Submit%20Files/W.jpg HTTP/1.1" 200 125688 "http://localhost:8080/JavaServerPagePrograming/JavaServerPagePrograming.jsp" "Mozilla/4.0 (compatible; MSIE 8.0; Windows NT 6.1; Trident/4.0; SLCC2; .NET CLR 2.0.50727; .NET CLR 3.5.30729; .NET CLR 3.0.30729; .NET4.0C; .NET4.0E; Media Center PC 6.0)"
0:0:0:0:0:0:0:1 - - [23/Feb/2012:11:40:21 +0800] "GET /JavaServerPagePrograming/W.jpg HTTP/1.1" 200 125688 "http://localhost:8080/JavaServerPagePrograming/JavaServerPagePrograming.jsp" "Mozilla/4.0 (compatible; MSIE 8.0; Windows NT 6.1; Trident/4.0; SLCC2; .NET CLR 2.0.50727; .NET CLR 3.5.30729; .NET CLR 3.0.30729; .NET4.0C; .NET4.0E; Media Center PC 6.0)"
127.0.0.1 - - [23/Feb/2012:11:40:26 +0800] "GET /JavaServerPagePrograming/Julia.class HTTP/1.1" 304 - "-" "Mozilla/4.0 (Windows 7 6.1) Java/1.6.0_21"
0:0:0:0:0:0:0:1 - - [23/Feb/2012:11:41:17 +0800] "GET /JavaServerPagePrograming/JavaAndJavaServerPage.jsp HTTP/1.1" 404 1059 "-" "Mozilla/4.0 (compatible; MSIE 8.0; Windows NT 6.1; Trident/4.0; SLCC2; .NET CLR 2.0.50727; .NET CLR 3.5.30729; .NET CLR 3.0.30729; .NET4.0C; .NET4.0E; Media Center PC 6.0)"
0:0:0:0:0:0:0:1 - - [23/Feb/2012:11:53:52 +0800] "POST /JavaServerPagePrograming/JavaServerPagePrograming.jsp HTTP/1.1" 200 10721 "-" "Mozilla/4.0 (compatible; MSIE 8.0; Windows NT 6.1; Trident/4.0; SLCC2; .NET CLR 2.0.50727; .NET CLR 3.5.30729; .NET CLR 3.0.30729; .NET4.0C; .NET4.0E; Media Center PC 6.0)"
0:0:0:0:0:0:0:1 - - [23/Feb/2012:11:53:52 +0800] "GET /JavaServerPagePrograming/W.jpg HTTP/1.1" 304 - "http://localhost:8080/JavaServerPagePrograming/JavaServerPagePrograming.jsp" "Mozilla/4.0 (compatible; MSIE 8.0; Windows NT 6.1; Trident/4.0; SLCC2; .NET CLR 2.0.50727; .NET CLR 3.5.30729; .NET CLR 3.0.30729; .NET4.0C; .NET4.0E; Media Center PC 6.0)"
0:0:0:0:0:0:0:1 - - [23/Feb/2012:11:53:52 +0800] "GET /JavaServerPagePrograming/W.jpg HTTP/1.1" 304 - "http://localhost:8080/JavaServerPagePrograming/JavaServerPagePrograming.jsp" "Mozilla/4.0 (compatible; MSIE 8.0; Windows NT 6.1; Trident/4.0; SLCC2; .NET CLR 2.0.50727; .NET CLR 3.5.30729; .NET CLR 3.0.30729; .NET4.0C; .NET4.0E; Media Center PC 6.0)"
0:0:0:0:0:0:0:1 - - [23/Feb/2012:11:53:52 +0800] "GET /JavaServerPagePrograming/X.jpg HTTP/1.1" 304 - "http://localhost:8080/JavaServerPagePrograming/JavaServerPagePrograming.jsp" "Mozilla/4.0 (compatible; MSIE 8.0; Windows NT 6.1; Trident/4.0; SLCC2; .NET CLR 2.0.50727; .NET CLR 3.5.30729; .NET CLR 3.0.30729; .NET4.0C; .NET4.0E; Media Center PC 6.0)"
0:0:0:0:0:0:0:1 - - [23/Feb/2012:11:53:52 +0800] "GET /JavaServerPagePrograming/Submit%20Files/null HTTP/1.1" 304 - "http://localhost:8080/JavaServerPagePrograming/JavaServerPagePrograming.jsp" "Mozilla/4.0 (compatible; MSIE 8.0; Windows NT 6.1; Trident/4.0; SLCC2; .NET CLR 2.0.50727; .NET CLR 3.5.30729; .NET CLR 3.0.30729; .NET4.0C; .NET4.0E; Media Center PC 6.0)"
0:0:0:0:0:0:0:1 - - [23/Feb/2012:11:53:52 +0800] "GET /JavaServerPagePrograming/Submit%20Files/W.jpg HTTP/1.1" 304 - "http://localhost:8080/JavaServerPagePrograming/JavaServerPagePrograming.jsp" "Mozilla/4.0 (compatible; MSIE 8.0; Windows NT 6.1; Trident/4.0; SLCC2; .NET CLR 2.0.50727; .NET CLR 3.5.30729; .NET CLR 3.0.30729; .NET4.0C; .NET4.0E; Media Center PC 6.0)"
127.0.0.1 - - [23/Feb/2012:11:53:55 +0800] "GET /JavaServerPagePrograming/Julia.class HTTP/1.1" 304 - "-" "Mozilla/4.0 (Windows 7 6.1) Java/1.6.0_21"
0:0:0:0:0:0:0:1 - - [23/Feb/2012:11:54:06 +0800] "GET /JavaServerPagePrograming/JavaAndJavaServerPage.jsp HTTP/1.1" 404 1059 "-" "Mozilla/4.0 (compatible; MSIE 8.0; Windows NT 6.1; Trident/4.0; SLCC2; .NET CLR 2.0.50727; .NET CLR 3.5.30729; .NET CLR 3.0.30729; .NET4.0C; .NET4.0E; Media Center PC 6.0)"
0:0:0:0:0:0:0:1 - - [23/Feb/2012:11:54:10 +0800] "GET /JavaServerPagePrograming/JavaAndJavaServerPage.jsp HTTP/1.1" 404 1059 "-" "Mozilla/4.0 (compatible; MSIE 8.0; Windows NT 6.1; Trident/4.0; SLCC2; .NET CLR 2.0.50727; .NET CLR 3.5.30729; .NET CLR 3.0.30729; .NET4.0C; .NET4.0E; Media Center PC 6.0)"
0:0:0:0:0:0:0:1 - - [23/Feb/2012:11:54:16 +0800] "GET /JavaServerPagePrograming/JavaAndJavaServerPage.jsp HTTP/1.1" 404 1059 "-" "Mozilla/4.0 (compatible; MSIE 8.0; Windows NT 6.1; Trident/4.0; SLCC2; .NET CLR 2.0.50727; .NET CLR 3.5.30729; .NET CLR 3.0.30729; .NET4.0C; .NET4.0E; Media Center PC 6.0)"
0:0:0:0:0:0:0:1 - - [23/Feb/2012:11:54:19 +0800] "GET /JavaServerPagePrograming/JavaAndJavaServerPage.jsp HTTP/1.1" 404 1059 "-" "Mozilla/4.0 (compatible; MSIE 8.0; Windows NT 6.1; Trident/4.0; SLCC2; .NET CLR 2.0.50727; .NET CLR 3.5.30729; .NET CLR 3.0.30729; .NET4.0C; .NET4.0E; Media Center PC 6.0)"
0:0:0:0:0:0:0:1 - - [23/Feb/2012:11:54:21 +0800] "GET /JavaServerPagePrograming/JavaAndJavaServerPage.jsp HTTP/1.1" 404 1059 "-" "Mozilla/4.0 (compatible; MSIE 8.0; Windows NT 6.1; Trident/4.0; SLCC2; .NET CLR 2.0.50727; .NET CLR 3.5.30729; .NET CLR 3.0.30729; .NET4.0C; .NET4.0E; Media Center PC 6.0)"
0:0:0:0:0:0:0:1 - - [23/Feb/2012:11:55:36 +0800] "POST /JavaAndJavaServerPage/JavaAndJavaServerPage.jsp HTTP/1.1" 200 10694 "-" "Mozilla/4.0 (compatible; MSIE 8.0; Windows NT 6.1; Trident/4.0; SLCC2; .NET CLR 2.0.50727; .NET CLR 3.5.30729; .NET CLR 3.0.30729; .NET4.0C; .NET4.0E; Media Center PC 6.0)"
0:0:0:0:0:0:0:1 - - [23/Feb/2012:11:55:36 +0800] "GET /JavaAndJavaServerPage/Submit%20Files/null HTTP/1.1" 200 0 "http://localhost:8080/JavaAndJavaServerPage/JavaAndJavaServerPage.jsp" "Mozilla/4.0 (compatible; MSIE 8.0; Windows NT 6.1; Trident/4.0; SLCC2; .NET CLR 2.0.50727; .NET CLR 3.5.30729; .NET CLR 3.0.30729; .NET4.0C; .NET4.0E; Media Center PC 6.0)"
0:0:0:0:0:0:0:1 - - [23/Feb/2012:11:55:36 +0800] "GET /JavaAndJavaServerPage/X.jpg HTTP/1.1" 200 56772 "http://localhost:8080/JavaAndJavaServerPage/JavaAndJavaServerPage.jsp" "Mozilla/4.0 (compatible; MSIE 8.0; Windows NT 6.1; Trident/4.0; SLCC2; .NET CLR 2.0.50727; .NET CLR 3.5.30729; .NET CLR 3.0.30729; .NET4.0C; .NET4.0E; Media Center PC 6.0)"
0:0:0:0:0:0:0:1 - - [23/Feb/2012:11:55:36 +0800] "GET /JavaAndJavaServerPage/W.jpg HTTP/1.1" 200 125688 "http://localhost:8080/JavaAndJavaServerPage/JavaAndJavaServerPage.jsp" "Mozilla/4.0 (compatible; MSIE 8.0; Windows NT 6.1; Trident/4.0; SLCC2; .NET CLR 2.0.50727; .NET CLR 3.5.30729; .NET CLR 3.0.30729; .NET4.0C; .NET4.0E; Media Center PC 6.0)"
0:0:0:0:0:0:0:1 - - [23/Feb/2012:11:55:37 +0800] "GET /JavaAndJavaServerPage/Submit%20Files/W.jpg HTTP/1.1" 200 125688 "http://localhost:8080/JavaAndJavaServerPage/JavaAndJavaServerPage.jsp" "Mozilla/4.0 (compatible; MSIE 8.0; Windows NT 6.1; Trident/4.0; SLCC2; .NET CLR 2.0.50727; .NET CLR 3.5.30729; .NET CLR 3.0.30729; .NET4.0C; .NET4.0E; Media Center PC 6.0)"
127.0.0.1 - - [23/Feb/2012:11:55:39 +0800] "GET /JavaAndJavaServerPage/Julia.class HTTP/1.1" 200 1976 "-" "Mozilla/4.0 (Windows 7 6.1) Java/1.6.0_21"
0:0:0:0:0:0:0:1 - - [23/Feb/2012:11:56:36 +0800] "POST /JavaAndJavaServerPage/JavaServerPagePrograming.jsp HTTP/1.1" 404 1059 "http://localhost:8080/JavaAndJavaServerPage/JavaAndJavaServerPage.jsp" "Mozilla/4.0 (compatible; MSIE 8.0; Windows NT 6.1; Trident/4.0; SLCC2; .NET CLR 2.0.50727; .NET CLR 3.5.30729; .NET CLR 3.0.30729; .NET4.0C; .NET4.0E; Media Center PC 6.0)"
0:0:0:0:0:0:0:1 - - [23/Feb/2012:11:59:25 +0800] "POST /JavaAndJavaServerPage/JavaAndJavaServerPage.jsp HTTP/1.1" 200 10713 "-" "Mozilla/4.0 (compatible; MSIE 8.0; Windows NT 6.1; Trident/4.0; SLCC2; .NET CLR 2.0.50727; .NET CLR 3.5.30729; .NET CLR 3.0.30729; .NET4.0C; .NET4.0E; Media Center PC 6.0)"
0:0:0:0:0:0:0:1 - - [23/Feb/2012:11:59:25 +0800] "GET /JavaAndJavaServerPage/W.jpg HTTP/1.1" 304 - "http://localhost:8080/JavaAndJavaServerPage/JavaAndJavaServerPage.jsp" "Mozilla/4.0 (compatible; MSIE 8.0; Windows NT 6.1; Trident/4.0; SLCC2; .NET CLR 2.0.50727; .NET CLR 3.5.30729; .NET CLR 3.0.30729; .NET4.0C; .NET4.0E; Media Center PC 6.0)"
0:0:0:0:0:0:0:1 - - [23/Feb/2012:11:59:25 +0800] "GET /JavaAndJavaServerPage/X.jpg HTTP/1.1" 304 - "http://localhost:8080/JavaAndJavaServerPage/JavaAndJavaServerPage.jsp" "Mozilla/4.0 (compatible; MSIE 8.0; Windows NT 6.1; Trident/4.0; SLCC2; .NET CLR 2.0.50727; .NET CLR 3.5.30729; .NET CLR 3.0.30729; .NET4.0C; .NET4.0E; Media Center PC 6.0)"
0:0:0:0:0:0:0:1 - - [23/Feb/2012:11:59:25 +0800] "GET /JavaAndJavaServerPage/Submit%20Files/null HTTP/1.1" 304 - "http://localhost:8080/JavaAndJavaServerPage/JavaAndJavaServerPage.jsp" "Mozilla/4.0 (compatible; MSIE 8.0; Windows NT 6.1; Trident/4.0; SLCC2; .NET CLR 2.0.50727; .NET CLR 3.5.30729; .NET CLR 3.0.30729; .NET4.0C; .NET4.0E; Media Center PC 6.0)"
0:0:0:0:0:0:0:1 - - [23/Feb/2012:11:59:26 +0800] "GET /JavaAndJavaServerPage/Submit%20Files/W.jpg HTTP/1.1" 304 - "http://localhost:8080/JavaAndJavaServerPage/JavaAndJavaServerPage.jsp" "Mozilla/4.0 (compatible; MSIE 8.0; Windows NT 6.1; Trident/4.0; SLCC2; .NET CLR 2.0.50727; .NET CLR 3.5.30729; .NET CLR 3.0.30729; .NET4.0C; .NET4.0E; Media Center PC 6.0)"
127.0.0.1 - - [23/Feb/2012:11:59:29 +0800] "GET /JavaAndJavaServerPage/Julia.class HTTP/1.1" 304 - "-" "Mozilla/4.0 (Windows 7 6.1) Java/1.6.0_21"
0:0:0:0:0:0:0:1 - - [23/Feb/2012:11:59:40 +0800] "POST /JavaAndJavaServerPage/JavaServerPagePrograming.jsp HTTP/1.1" 404 1059 "http://localhost:8080/JavaAndJavaServerPage/JavaAndJavaServerPage.jsp" "Mozilla/4.0 (compatible; MSIE 8.0; Windows NT 6.1; Trident/4.0; SLCC2; .NET CLR 2.0.50727; .NET CLR 3.5.30729; .NET CLR 3.0.30729; .NET4.0C; .NET4.0E; Media Center PC 6.0)"
0:0:0:0:0:0:0:1 - - [23/Feb/2012:12:00:12 +0800] "POST /JavaAndJavaServerPage/JavaServerPagePrograming.jsp HTTP/1.1" 404 1059 "http://localhost:8080/JavaAndJavaServerPage/JavaAndJavaServerPage.jsp" "Mozilla/4.0 (compatible; MSIE 8.0; Windows NT 6.1; Trident/4.0; SLCC2; .NET CLR 2.0.50727; .NET CLR 3.5.30729; .NET CLR 3.0.30729; .NET4.0C; .NET4.0E; Media Center PC 6.0)"
0:0:0:0:0:0:0:1 - - [23/Feb/2012:12:00:37 +0800] "POST /JavaAndJavaServerPage/JavaServerPagePrograming.jsp HTTP/1.1" 404 1059 "http://localhost:8080/JavaAndJavaServerPage/JavaAndJavaServerPage.jsp" "Mozilla/4.0 (compatible; MSIE 8.0; Windows NT 6.1; Trident/4.0; SLCC2; .NET CLR 2.0.50727; .NET CLR 3.5.30729; .NET CLR 3.0.30729; .NET4.0C; .NET4.0E; Media Center PC 6.0)"
0:0:0:0:0:0:0:1 - - [23/Feb/2012:12:00:53 +0800] "POST /JavaAndJavaServerPage/JavaServerPagePrograming.jsp HTTP/1.1" 404 1059 "http://localhost:8080/JavaAndJavaServerPage/JavaAndJavaServerPage.jsp" "Mozilla/4.0 (compatible; MSIE 8.0; Windows NT 6.1; Trident/4.0; SLCC2; .NET CLR 2.0.50727; .NET CLR 3.5.30729; .NET CLR 3.0.30729; .NET4.0C; .NET4.0E; Media Center PC 6.0)"
0:0:0:0:0:0:0:1 - - [23/Feb/2012:12:01:25 +0800] "POST /JavaAndJavaServerPage/JavaAndJavaServerPage.jsp HTTP/1.1" 200 10691 "-" "Mozilla/4.0 (compatible; MSIE 8.0; Windows NT 6.1; Trident/4.0; SLCC2; .NET CLR 2.0.50727; .NET CLR 3.5.30729; .NET CLR 3.0.30729; .NET4.0C; .NET4.0E; Media Center PC 6.0)"
0:0:0:0:0:0:0:1 - - [23/Feb/2012:12:01:25 +0800] "GET /JavaAndJavaServerPage/W.jpg HTTP/1.1" 304 - "http://localhost:8080/JavaAndJavaServerPage/JavaAndJavaServerPage.jsp" "Mozilla/4.0 (compatible; MSIE 8.0; Windows NT 6.1; Trident/4.0; SLCC2; .NET CLR 2.0.50727; .NET CLR 3.5.30729; .NET CLR 3.0.30729; .NET4.0C; .NET4.0E; Media Center PC 6.0)"
0:0:0:0:0:0:0:1 - - [23/Feb/2012:12:01:25 +0800] "GET /JavaAndJavaServerPage/Submit%20Files/null HTTP/1.1" 304 - "http://localhost:8080/JavaAndJavaServerPage/JavaAndJavaServerPage.jsp" "Mozilla/4.0 (compatible; MSIE 8.0; Windows NT 6.1; Trident/4.0; SLCC2; .NET CLR 2.0.50727; .NET CLR 3.5.30729; .NET CLR 3.0.30729; .NET4.0C; .NET4.0E; Media Center PC 6.0)"
0:0:0:0:0:0:0:1 - - [23/Feb/2012:12:01:25 +0800] "GET /JavaAndJavaServerPage/X.jpg HTTP/1.1" 304 - "http://localhost:8080/JavaAndJavaServerPage/JavaAndJavaServerPage.jsp" "Mozilla/4.0 (compatible; MSIE 8.0; Windows NT 6.1; Trident/4.0; SLCC2; .NET CLR 2.0.50727; .NET CLR 3.5.30729; .NET CLR 3.0.30729; .NET4.0C; .NET4.0E; Media Center PC 6.0)"
0:0:0:0:0:0:0:1 - - [23/Feb/2012:12:01:26 +0800] "GET /JavaAndJavaServerPage/W.jpg HTTP/1.1" 304 - "http://localhost:8080/JavaAndJavaServerPage/JavaAndJavaServerPage.jsp" "Mozilla/4.0 (compatible; MSIE 8.0; Windows NT 6.1; Trident/4.0; SLCC2; .NET CLR 2.0.50727; .NET CLR 3.5.30729; .NET CLR 3.0.30729; .NET4.0C; .NET4.0E; Media Center PC 6.0)"
0:0:0:0:0:0:0:1 - - [23/Feb/2012:12:01:26 +0800] "GET /JavaAndJavaServerPage/Submit%20Files/W.jpg HTTP/1.1" 304 - "http://localhost:8080/JavaAndJavaServerPage/JavaAndJavaServerPage.jsp" "Mozilla/4.0 (compatible; MSIE 8.0; Windows NT 6.1; Trident/4.0; SLCC2; .NET CLR 2.0.50727; .NET CLR 3.5.30729; .NET CLR 3.0.30729; .NET4.0C; .NET4.0E; Media Center PC 6.0)"
0:0:0:0:0:0:0:1 - - [23/Feb/2012:12:01:36 +0800] "POST /JavaAndJavaServerPage/JavaAndJavaServerPage.jsp HTTP/1.1" 200 10381 "http://localhost:8080/JavaAndJavaServerPage/JavaAndJavaServerPage.jsp" "Mozilla/4.0 (compatible; MSIE 8.0; Windows NT 6.1; Trident/4.0; SLCC2; .NET CLR 2.0.50727; .NET CLR 3.5.30729; .NET CLR 3.0.30729; .NET4.0C; .NET4.0E; Media Center PC 6.0)"
0:0:0:0:0:0:0:1 - - [23/Feb/2012:12:01:43 +0800] "POST /JavaAndJavaServerPage/JavaServerPagePrograming.jsp HTTP/1.1" 404 1059 "http://localhost:8080/JavaAndJavaServerPage/JavaAndJavaServerPage.jsp" "Mozilla/4.0 (compatible; MSIE 8.0; Windows NT 6.1; Trident/4.0; SLCC2; .NET CLR 2.0.50727; .NET CLR 3.5.30729; .NET CLR 3.0.30729; .NET4.0C; .NET4.0E; Media Center PC 6.0)"
0:0:0:0:0:0:0:1 - - [23/Feb/2012:12:03:06 +0800] "POST /JavaAndJavaServerPage/JavaServerPagePrograming.jsp HTTP/1.1" 404 1059 "http://localhost:8080/JavaAndJavaServerPage/JavaAndJavaServerPage.jsp" "Mozilla/4.0 (compatible; MSIE 8.0; Windows NT 6.1; Trident/4.0; SLCC2; .NET CLR 2.0.50727; .NET CLR 3.5.30729; .NET CLR 3.0.30729; .NET4.0C; .NET4.0E; Media Center PC 6.0)"
127.0.0.1 - - [23/Feb/2012:12:03:11 +0800] "GET /JavaAndJavaServerPage/Julia.class HTTP/1.1" 304 - "-" "Mozilla/4.0 (Windows 7 6.1) Java/1.6.0_21"
0:0:0:0:0:0:0:1 - - [23/Feb/2012:12:03:16 +0800] "POST /JavaAndJavaServerPage/JavaAndJavaServerPage.jsp HTTP/1.1" 200 10359 "http://localhost:8080/JavaAndJavaServerPage/JavaAndJavaServerPage.jsp" "Mozilla/4.0 (compatible; MSIE 8.0; Windows NT 6.1; Trident/4.0; SLCC2; .NET CLR 2.0.50727; .NET CLR 3.5.30729; .NET CLR 3.0.30729; .NET4.0C; .NET4.0E; Media Center PC 6.0)"
0:0:0:0:0:0:0:1 - - [23/Feb/2012:12:03:16 +0800] "GET /JavaAndJavaServerPage/W.jpg HTTP/1.1" 304 - "http://localhost:8080/JavaAndJavaServerPage/JavaAndJavaServerPage.jsp" "Mozilla/4.0 (compatible; MSIE 8.0; Windows NT 6.1; Trident/4.0; SLCC2; .NET CLR 2.0.50727; .NET CLR 3.5.30729; .NET CLR 3.0.30729; .NET4.0C; .NET4.0E; Media Center PC 6.0)"
0:0:0:0:0:0:0:1 - - [23/Feb/2012:12:03:16 +0800] "GET /JavaAndJavaServerPage/X.jpg HTTP/1.1" 304 - "http://localhost:8080/JavaAndJavaServerPage/JavaAndJavaServerPage.jsp" "Mozilla/4.0 (compatible; MSIE 8.0; Windows NT 6.1; Trident/4.0; SLCC2; .NET CLR 2.0.50727; .NET CLR 3.5.30729; .NET CLR 3.0.30729; .NET4.0C; .NET4.0E; Media Center PC 6.0)"
0:0:0:0:0:0:0:1 - - [23/Feb/2012:12:03:16 +0800] "GET /JavaAndJavaServerPage/Submit%20Files/null HTTP/1.1" 304 - "http://localhost:8080/JavaAndJavaServerPage/JavaAndJavaServerPage.jsp" "Mozilla/4.0 (compatible; MSIE 8.0; Windows NT 6.1; Trident/4.0; SLCC2; .NET CLR 2.0.50727; .NET CLR 3.5.30729; .NET CLR 3.0.30729; .NET4.0C; .NET4.0E; Media Center PC 6.0)"
0:0:0:0:0:0:0:1 - - [23/Feb/2012:12:03:16 +0800] "GET /JavaAndJavaServerPage/W.jpg HTTP/1.1" 304 - "http://localhost:8080/JavaAndJavaServerPage/JavaAndJavaServerPage.jsp" "Mozilla/4.0 (compatible; MSIE 8.0; Windows NT 6.1; Trident/4.0; SLCC2; .NET CLR 2.0.50727; .NET CLR 3.5.30729; .NET CLR 3.0.30729; .NET4.0C; .NET4.0E; Media Center PC 6.0)"
0:0:0:0:0:0:0:1 - - [23/Feb/2012:12:03:16 +0800] "GET /JavaAndJavaServerPage/Submit%20Files/W.jpg HTTP/1.1" 304 - "http://localhost:8080/JavaAndJavaServerPage/JavaAndJavaServerPage.jsp" "Mozilla/4.0 (compatible; MSIE 8.0; Windows NT 6.1; Trident/4.0; SLCC2; .NET CLR 2.0.50727; .NET CLR 3.5.30729; .NET CLR 3.0.30729; .NET4.0C; .NET4.0E; Media Center PC 6.0)"
0:0:0:0:0:0:0:1 - - [23/Feb/2012:12:03:31 +0800] "POST /JavaAndJavaServerPage/JavaAndJavaServerPage.jsp HTTP/1.1" 200 10459 "http://localhost:8080/JavaAndJavaServerPage/JavaAndJavaServerPage.jsp" "Mozilla/4.0 (compatible; MSIE 8.0; Windows NT 6.1; Trident/4.0; SLCC2; .NET CLR 2.0.50727; .NET CLR 3.5.30729; .NET CLR 3.0.30729; .NET4.0C; .NET4.0E; Media Center PC 6.0)"
0:0:0:0:0:0:0:1 - - [23/Feb/2012:12:03:56 +0800] "POST /JavaAndJavaServerPage/JavaServerPagePrograming2.jsp HTTP/1.1" 200 97 "http://localhost:8080/JavaAndJavaServerPage/JavaAndJavaServerPage.jsp" "Mozilla/4.0 (compatible; MSIE 8.0; Windows NT 6.1; Trident/4.0; SLCC2; .NET CLR 2.0.50727; .NET CLR 3.5.30729; .NET CLR 3.0.30729; .NET4.0C; .NET4.0E; Media Center PC 6.0)"
0:0:0:0:0:0:0:1 - - [23/Feb/2012:12:04:17 +0800] "POST /JavaAndJavaServerPage/JavaServerPagePrograming2.jsp HTTP/1.1" 200 97 "http://localhost:8080/JavaAndJavaServerPage/JavaAndJavaServerPage.jsp" "Mozilla/4.0 (compatible; MSIE 8.0; Windows NT 6.1; Trident/4.0; SLCC2; .NET CLR 2.0.50727; .NET CLR 3.5.30729; .NET CLR 3.0.30729; .NET4.0C; .NET4.0E; Media Center PC 6.0)"
0:0:0:0:0:0:0:1 - - [23/Feb/2012:12:06:30 +0800] "POST /JavaAndJavaServerPage/JavaServerPagePrograming2.jsp HTTP/1.1" 200 97 "http://localhost:8080/JavaAndJavaServerPage/JavaAndJavaServerPage.jsp" "Mozilla/4.0 (compatible; MSIE 8.0; Windows NT 6.1; Trident/4.0; SLCC2; .NET CLR 2.0.50727; .NET CLR 3.5.30729; .NET CLR 3.0.30729; .NET4.0C; .NET4.0E; Media Center PC 6.0)"
0:0:0:0:0:0:0:1 - - [23/Feb/2012:12:07:58 +0800] "POST /JavaAndJavaServerPage/JavaAndJavaServerPage.jsp HTTP/1.1" 200 10441 "-" "Mozilla/4.0 (compatible; MSIE 8.0; Windows NT 6.1; Trident/4.0; SLCC2; .NET CLR 2.0.50727; .NET CLR 3.5.30729; .NET CLR 3.0.30729; .NET4.0C; .NET4.0E; Media Center PC 6.0)"
0:0:0:0:0:0:0:1 - - [23/Feb/2012:12:08:19 +0800] "POST /JavaAndJavaServerPage/JavaServerPagePrograming2.jpg HTTP/1.1" 200 287 "http://localhost:8080/JavaAndJavaServerPage/JavaAndJavaServerPage.jsp" "Mozilla/4.0 (compatible; MSIE 8.0; Windows NT 6.1; Trident/4.0; SLCC2; .NET CLR 2.0.50727; .NET CLR 3.5.30729; .NET CLR 3.0.30729; .NET4.0C; .NET4.0E; Media Center PC 6.0)"
127.0.0.1 - - [23/Feb/2012:12:10:10 +0800] "GET /JavaAndJavaServerPage/Julia.class HTTP/1.1" 304 - "-" "Mozilla/4.0 (Windows 7 6.1) Java/1.6.0_21"
0:0:0:0:0:0:0:1 - - [23/Feb/2012:12:10:14 +0800] "POST /JavaAndJavaServerPage/JavaServerPagePrograming2.jpg HTTP/1.1" 404 1060 "http://localhost:8080/JavaAndJavaServerPage/JavaAndJavaServerPage.jsp" "Mozilla/4.0 (compatible; MSIE 8.0; Windows NT 6.1; Trident/4.0; SLCC2; .NET CLR 2.0.50727; .NET CLR 3.5.30729; .NET CLR 3.0.30729; .NET4.0C; .NET4.0E; Media Center PC 6.0)"
0:0:0:0:0:0:0:1 - - [23/Feb/2012:12:10:34 +0800] "POST /JavaAndJavaServerPage/JavaAndJavaServerPage.jsp HTTP/1.1" 200 10461 "-" "Mozilla/4.0 (compatible; MSIE 8.0; Windows NT 6.1; Trident/4.0; SLCC2; .NET CLR 2.0.50727; .NET CLR 3.5.30729; .NET CLR 3.0.30729; .NET4.0C; .NET4.0E; Media Center PC 6.0)"
0:0:0:0:0:0:0:1 - - [23/Feb/2012:12:10:34 +0800] "GET /JavaAndJavaServerPage/W.jpg HTTP/1.1" 304 - "http://localhost:8080/JavaAndJavaServerPage/JavaAndJavaServerPage.jsp" "Mozilla/4.0 (compatible; MSIE 8.0; Windows NT 6.1; Trident/4.0; SLCC2; .NET CLR 2.0.50727; .NET CLR 3.5.30729; .NET CLR 3.0.30729; .NET4.0C; .NET4.0E; Media Center PC 6.0)"
0:0:0:0:0:0:0:1 - - [23/Feb/2012:12:10:34 +0800] "GET /JavaAndJavaServerPage/Submit%20Files/null HTTP/1.1" 304 - "http://localhost:8080/JavaAndJavaServerPage/JavaAndJavaServerPage.jsp" "Mozilla/4.0 (compatible; MSIE 8.0; Windows NT 6.1; Trident/4.0; SLCC2; .NET CLR 2.0.50727; .NET CLR 3.5.30729; .NET CLR 3.0.30729; .NET4.0C; .NET4.0E; Media Center PC 6.0)"
0:0:0:0:0:0:0:1 - - [23/Feb/2012:12:10:34 +0800] "GET /JavaAndJavaServerPage/X.jpg HTTP/1.1" 304 - "http://localhost:8080/JavaAndJavaServerPage/JavaAndJavaServerPage.jsp" "Mozilla/4.0 (compatible; MSIE 8.0; Windows NT 6.1; Trident/4.0; SLCC2; .NET CLR 2.0.50727; .NET CLR 3.5.30729; .NET CLR 3.0.30729; .NET4.0C; .NET4.0E; Media Center PC 6.0)"
0:0:0:0:0:0:0:1 - - [23/Feb/2012:12:10:34 +0800] "GET /JavaAndJavaServerPage/W.jpg HTTP/1.1" 304 - "http://localhost:8080/JavaAndJavaServerPage/JavaAndJavaServerPage.jsp" "Mozilla/4.0 (compatible; MSIE 8.0; Windows NT 6.1; Trident/4.0; SLCC2; .NET CLR 2.0.50727; .NET CLR 3.5.30729; .NET CLR 3.0.30729; .NET4.0C; .NET4.0E; Media Center PC 6.0)"
0:0:0:0:0:0:0:1 - - [23/Feb/2012:12:10:34 +0800] "GET /JavaAndJavaServerPage/Submit%20Files/W.jpg HTTP/1.1" 304 - "http://localhost:8080/JavaAndJavaServerPage/JavaAndJavaServerPage.jsp" "Mozilla/4.0 (compatible; MSIE 8.0; Windows NT 6.1; Trident/4.0; SLCC2; .NET CLR 2.0.50727; .NET CLR 3.5.30729; .NET CLR 3.0.30729; .NET4.0C; .NET4.0E; Media Center PC 6.0)"
0:0:0:0:0:0:0:1 - - [23/Feb/2012:12:10:37 +0800] "POST /JavaAndJavaServerPage/JavaServerPagePrograming2.jsp HTTP/1.1" 200 97 "http://localhost:8080/JavaAndJavaServerPage/JavaAndJavaServerPage.jsp" "Mozilla/4.0 (compatible; MSIE 8.0; Windows NT 6.1; Trident/4.0; SLCC2; .NET CLR 2.0.50727; .NET CLR 3.5.30729; .NET CLR 3.0.30729; .NET4.0C; .NET4.0E; Media Center PC 6.0)"
0:0:0:0:0:0:0:1 - - [23/Feb/2012:12:14:07 +0800] "POST /JavaAndJavaServerPage/JavaAndJavaServerPage.jsp HTTP/1.1" 200 10442 "-" "Mozilla/4.0 (compatible; MSIE 8.0; Windows NT 6.1; Trident/4.0; SLCC2; .NET CLR 2.0.50727; .NET CLR 3.5.30729; .NET CLR 3.0.30729; .NET4.0C; .NET4.0E; Media Center PC 6.0)"
0:0:0:0:0:0:0:1 - - [23/Feb/2012:12:14:16 +0800] "POST /JavaAndJavaServerPage/JavaServerPagePrograming2.jsp HTTP/1.1" 200 97 "http://localhost:8080/JavaAndJavaServerPage/JavaAndJavaServerPage.jsp" "Mozilla/4.0 (compatible; MSIE 8.0; Windows NT 6.1; Trident/4.0; SLCC2; .NET CLR 2.0.50727; .NET CLR 3.5.30729; .NET CLR 3.0.30729; .NET4.0C; .NET4.0E; Media Center PC 6.0)"
0:0:0:0:0:0:0:1 - - [23/Feb/2012:12:15:17 +0800] "POST /JavaAndJavaServerPage/JavaServerPagePrograming2.jsp HTTP/1.1" 200 97 "http://localhost:8080/JavaAndJavaServerPage/JavaAndJavaServerPage.jsp" "Mozilla/4.0 (compatible; MSIE 8.0; Windows NT 6.1; Trident/4.0; SLCC2; .NET CLR 2.0.50727; .NET CLR 3.5.30729; .NET CLR 3.0.30729; .NET4.0C; .NET4.0E; Media Center PC 6.0)"
0:0:0:0:0:0:0:1 - - [23/Feb/2012:12:18:27 +0800] "POST /JavaAndJavaServerPage/JavaAndJavaServerPage.jsp HTTP/1.1" 200 10461 "-" "Mozilla/4.0 (compatible; MSIE 8.0; Windows NT 6.1; Trident/4.0; SLCC2; .NET CLR 2.0.50727; .NET CLR 3.5.30729; .NET CLR 3.0.30729; .NET4.0C; .NET4.0E; Media Center PC 6.0)"
0:0:0:0:0:0:0:1 - - [23/Feb/2012:12:18:34 +0800] "POST /JavaAndJavaServerPage/JavaServerPagePrograming2.jsp HTTP/1.1" 500 3435 "http://localhost:8080/JavaAndJavaServerPage/JavaAndJavaServerPage.jsp" "Mozilla/4.0 (compatible; MSIE 8.0; Windows NT 6.1; Trident/4.0; SLCC2; .NET CLR 2.0.50727; .NET CLR 3.5.30729; .NET CLR 3.0.30729; .NET4.0C; .NET4.0E; Media Center PC 6.0)"
127.0.0.1 - - [23/Feb/2012:12:21:34 +0800] "GET /JavaAndJavaServerPage/Julia.class HTTP/1.1" 304 - "-" "Mozilla/4.0 (Windows 7 6.1) Java/1.6.0_21"
0:0:0:0:0:0:0:1 - - [23/Feb/2012:12:21:39 +0800] "POST /JavaAndJavaServerPage/JavaServerPagePrograming2.jsp HTTP/1.1" 500 3627 "http://localhost:8080/JavaAndJavaServerPage/JavaAndJavaServerPage.jsp" "Mozilla/4.0 (compatible; MSIE 8.0; Windows NT 6.1; Trident/4.0; SLCC2; .NET CLR 2.0.50727; .NET CLR 3.5.30729; .NET CLR 3.0.30729; .NET4.0C; .NET4.0E; Media Center PC 6.0)"
0:0:0:0:0:0:0:1 - - [23/Feb/2012:12:22:11 +0800] "POST /JavaAndJavaServerPage/JavaServerPagePrograming2.jsp HTTP/1.1" 500 3441 "http://localhost:8080/JavaAndJavaServerPage/JavaAndJavaServerPage.jsp" "Mozilla/4.0 (compatible; MSIE 8.0; Windows NT 6.1; Trident/4.0; SLCC2; .NET CLR 2.0.50727; .NET CLR 3.5.30729; .NET CLR 3.0.30729; .NET4.0C; .NET4.0E; Media Center PC 6.0)"
0:0:0:0:0:0:0:1 - - [23/Feb/2012:12:22:46 +0800] "POST /JavaAndJavaServerPage/JavaServerPagePrograming2.jsp HTTP/1.1" 500 3435 "http://localhost:8080/JavaAndJavaServerPage/JavaAndJavaServerPage.jsp" "Mozilla/4.0 (compatible; MSIE 8.0; Windows NT 6.1; Trident/4.0; SLCC2; .NET CLR 2.0.50727; .NET CLR 3.5.30729; .NET CLR 3.0.30729; .NET4.0C; .NET4.0E; Media Center PC 6.0)"
127.0.0.1 - - [23/Feb/2012:12:23:50 +0800] "GET /JavaAndJavaServerPage/Julia.class HTTP/1.1" 304 - "-" "Mozilla/4.0 (Windows 7 6.1) Java/1.6.0_21"
0:0:0:0:0:0:0:1 - - [23/Feb/2012:12:23:53 +0800] "POST /JavaAndJavaServerPage/JavaServerPagePrograming2.jsp HTTP/1.1" 200 101 "http://localhost:8080/JavaAndJavaServerPage/JavaAndJavaServerPage.jsp" "Mozilla/4.0 (compatible; MSIE 8.0; Windows NT 6.1; Trident/4.0; SLCC2; .NET CLR 2.0.50727; .NET CLR 3.5.30729; .NET CLR 3.0.30729; .NET4.0C; .NET4.0E; Media Center PC 6.0)"
0:0:0:0:0:0:0:1 - - [23/Feb/2012:12:25:15 +0800] "POST /JavaAndJavaServerPage/JavaServerPagePrograming2.jsp HTTP/1.1" 200 101 "http://localhost:8080/JavaAndJavaServerPage/JavaAndJavaServerPage.jsp" "Mozilla/4.0 (compatible; MSIE 8.0; Windows NT 6.1; Trident/4.0; SLCC2; .NET CLR 2.0.50727; .NET CLR 3.5.30729; .NET CLR 3.0.30729; .NET4.0C; .NET4.0E; Media Center PC 6.0)"
0:0:0:0:0:0:0:1 - - [23/Feb/2012:12:27:24 +0800] "POST /JavaAndJavaServerPage/JavaServerPagePrograming2.jsp HTTP/1.1" 200 101 "http://localhost:8080/JavaAndJavaServerPage/JavaAndJavaServerPage.jsp" "Mozilla/4.0 (compatible; MSIE 8.0; Windows NT 6.1; Trident/4.0; SLCC2; .NET CLR 2.0.50727; .NET CLR 3.5.30729; .NET CLR 3.0.30729; .NET4.0C; .NET4.0E; Media Center PC 6.0)"
0:0:0:0:0:0:0:1 - - [23/Feb/2012:12:27:56 +0800] "POST /JavaAndJavaServerPage/JavaServerPagePrograming2.jsp HTTP/1.1" 200 101 "http://localhost:8080/JavaAndJavaServerPage/JavaAndJavaServerPage.jsp" "Mozilla/4.0 (compatible; MSIE 8.0; Windows NT 6.1; Trident/4.0; SLCC2; .NET CLR 2.0.50727; .NET CLR 3.5.30729; .NET CLR 3.0.30729; .NET4.0C; .NET4.0E; Media Center PC 6.0)"
0:0:0:0:0:0:0:1 - - [23/Feb/2012:12:37:24 +0800] "POST /JavaAndJavaServerPage/JavaAndJavaServerPage.jsp HTTP/1.1" 200 10439 "-" "Mozilla/4.0 (compatible; MSIE 8.0; Windows NT 6.1; Trident/4.0; SLCC2; .NET CLR 2.0.50727; .NET CLR 3.5.30729; .NET CLR 3.0.30729; .NET4.0C; .NET4.0E; Media Center PC 6.0)"
0:0:0:0:0:0:0:1 - - [23/Feb/2012:12:37:30 +0800] "POST /JavaAndJavaServerPage/JavaAndJavaServerPage.jsp HTTP/1.1" 200 10395 "http://localhost:8080/JavaAndJavaServerPage/JavaAndJavaServerPage.jsp" "Mozilla/4.0 (compatible; MSIE 8.0; Windows NT 6.1; Trident/4.0; SLCC2; .NET CLR 2.0.50727; .NET CLR 3.5.30729; .NET CLR 3.0.30729; .NET4.0C; .NET4.0E; Media Center PC 6.0)"
0:0:0:0:0:0:0:1 - - [23/Feb/2012:12:38:27 +0800] "POST /JavaAndJavaServerPage/JavaServerPagePrograming.jsp HTTP/1.1" 404 1059 "http://localhost:8080/JavaAndJavaServerPage/JavaAndJavaServerPage.jsp" "Mozilla/4.0 (compatible; MSIE 8.0; Windows NT 6.1; Trident/4.0; SLCC2; .NET CLR 2.0.50727; .NET CLR 3.5.30729; .NET CLR 3.0.30729; .NET4.0C; .NET4.0E; Media Center PC 6.0)"
127.0.0.1 - - [23/Feb/2012:12:39:34 +0800] "GET /JavaAndJavaServerPage/Julia.class HTTP/1.1" 304 - "-" "Mozilla/4.0 (Windows 7 6.1) Java/1.6.0_21"
0:0:0:0:0:0:0:1 - - [23/Feb/2012:12:39:46 +0800] "POST /JavaAndJavaServerPage/JavaServerPagePrograming.jsp HTTP/1.1" 404 1059 "http://localhost:8080/JavaAndJavaServerPage/JavaAndJavaServerPage.jsp" "Mozilla/4.0 (compatible; MSIE 8.0; Windows NT 6.1; Trident/4.0; SLCC2; .NET CLR 2.0.50727; .NET CLR 3.5.30729; .NET CLR 3.0.30729; .NET4.0C; .NET4.0E; Media Center PC 6.0)"
127.0.0.1 - - [23/Feb/2012:12:41:41 +0800] "GET /JavaAndJavaServerPage/Julia.class HTTP/1.1" 304 - "-" "Mozilla/4.0 (Windows 7 6.1) Java/1.6.0_21"
0:0:0:0:0:0:0:1 - - [23/Feb/2012:12:41:46 +0800] "POST /JavaAndJavaServerPage/JavaAndJavaServerPage.jsp HTTP/1.1" 200 10364 "http://localhost:8080/JavaAndJavaServerPage/JavaAndJavaServerPage.jsp" "Mozilla/4.0 (compatible; MSIE 8.0; Windows NT 6.1; Trident/4.0; SLCC2; .NET CLR 2.0.50727; .NET CLR 3.5.30729; .NET CLR 3.0.30729; .NET4.0C; .NET4.0E; Media Center PC 6.0)"
0:0:0:0:0:0:0:1 - - [23/Feb/2012:12:41:46 +0800] "GET /JavaAndJavaServerPage/X.jpg HTTP/1.1" 304 - "http://localhost:8080/JavaAndJavaServerPage/JavaAndJavaServerPage.jsp" "Mozilla/4.0 (compatible; MSIE 8.0; Windows NT 6.1; Trident/4.0; SLCC2; .NET CLR 2.0.50727; .NET CLR 3.5.30729; .NET CLR 3.0.30729; .NET4.0C; .NET4.0E; Media Center PC 6.0)"
0:0:0:0:0:0:0:1 - - [23/Feb/2012:12:41:46 +0800] "GET /JavaAndJavaServerPage/W.jpg HTTP/1.1" 304 - "http://localhost:8080/JavaAndJavaServerPage/JavaAndJavaServerPage.jsp" "Mozilla/4.0 (compatible; MSIE 8.0; Windows NT 6.1; Trident/4.0; SLCC2; .NET CLR 2.0.50727; .NET CLR 3.5.30729; .NET CLR 3.0.30729; .NET4.0C; .NET4.0E; Media Center PC 6.0)"
0:0:0:0:0:0:0:1 - - [23/Feb/2012:12:41:46 +0800] "GET /JavaAndJavaServerPage/Submit%20Files/null HTTP/1.1" 304 - "http://localhost:8080/JavaAndJavaServerPage/JavaAndJavaServerPage.jsp" "Mozilla/4.0 (compatible; MSIE 8.0; Windows NT 6.1; Trident/4.0; SLCC2; .NET CLR 2.0.50727; .NET CLR 3.5.30729; .NET CLR 3.0.30729; .NET4.0C; .NET4.0E; Media Center PC 6.0)"
0:0:0:0:0:0:0:1 - - [23/Feb/2012:12:41:46 +0800] "GET /JavaAndJavaServerPage/W.jpg HTTP/1.1" 304 - "http://localhost:8080/JavaAndJavaServerPage/JavaAndJavaServerPage.jsp" "Mozilla/4.0 (compatible; MSIE 8.0; Windows NT 6.1; Trident/4.0; SLCC2; .NET CLR 2.0.50727; .NET CLR 3.5.30729; .NET CLR 3.0.30729; .NET4.0C; .NET4.0E; Media Center PC 6.0)"
0:0:0:0:0:0:0:1 - - [23/Feb/2012:12:41:46 +0800] "GET /JavaAndJavaServerPage/Submit%20Files/W.jpg HTTP/1.1" 304 - "http://localhost:8080/JavaAndJavaServerPage/JavaAndJavaServerPage.jsp" "Mozilla/4.0 (compatible; MSIE 8.0; Windows NT 6.1; Trident/4.0; SLCC2; .NET CLR 2.0.50727; .NET CLR 3.5.30729; .NET CLR 3.0.30729; .NET4.0C; .NET4.0E; Media Center PC 6.0)"
127.0.0.1 - - [23/Feb/2012:12:41:49 +0800] "GET /JavaAndJavaServerPage/Julia.class HTTP/1.1" 304 - "-" "Mozilla/4.0 (Windows 7 6.1) Java/1.6.0_21"
0:0:0:0:0:0:0:1 - - [23/Feb/2012:12:42:43 +0800] "POST /JavaAndJavaServerPage/JavaAndJavaServerPage.jsp HTTP/1.1" 200 10589 "http://localhost:8080/JavaAndJavaServerPage/JavaAndJavaServerPage.jsp" "Mozilla/4.0 (compatible; MSIE 8.0; Windows NT 6.1; Trident/4.0; SLCC2; .NET CLR 2.0.50727; .NET CLR 3.5.30729; .NET CLR 3.0.30729; .NET4.0C; .NET4.0E; Media Center PC 6.0)"
0:0:0:0:0:0:0:1 - - [23/Feb/2012:12:42:43 +0800] "GET /JavaAndJavaServerPage/Submit%20Files/555656565.bmp HTTP/1.1" 200 937556 "http://localhost:8080/JavaAndJavaServerPage/JavaAndJavaServerPage.jsp" "Mozilla/4.0 (compatible; MSIE 8.0; Windows NT 6.1; Trident/4.0; SLCC2; .NET CLR 2.0.50727; .NET CLR 3.5.30729; .NET CLR 3.0.30729; .NET4.0C; .NET4.0E; Media Center PC 6.0)"
0:0:0:0:0:0:0:1 - - [23/Feb/2012:12:43:05 +0800] "POST /JavaAndJavaServerPage/JavaAndJavaServerPage.jsp HTTP/1.1" 200 947947 "http://localhost:8080/JavaAndJavaServerPage/JavaAndJavaServerPage.jsp" "Mozilla/4.0 (compatible; MSIE 8.0; Windows NT 6.1; Trident/4.0; SLCC2; .NET CLR 2.0.50727; .NET CLR 3.5.30729; .NET CLR 3.0.30729; .NET4.0C; .NET4.0E; Media Center PC 6.0)"
0:0:0:0:0:0:0:1 - - [23/Feb/2012:13:11:44 +0800] "GET /JavaAndJavaServerPage/W.jpg HTTP/1.1" 304 - "http://localhost:8080/JavaAndJavaServerPage/JavaAndJavaServerPage.jsp" "Mozilla/4.0 (compatible; MSIE 8.0; Windows NT 6.1; Trident/4.0; SLCC2; .NET CLR 2.0.50727; .NET CLR 3.5.30729; .NET CLR 3.0.30729; .NET4.0C; .NET4.0E; Media Center PC 6.0)"
0:0:0:0:0:0:0:1 - - [23/Feb/2012:13:11:44 +0800] "GET /JavaAndJavaServerPage/X.jpg HTTP/1.1" 304 - "http://localhost:8080/JavaAndJavaServerPage/JavaAndJavaServerPage.jsp" "Mozilla/4.0 (compatible; MSIE 8.0; Windows NT 6.1; Trident/4.0; SLCC2; .NET CLR 2.0.50727; .NET CLR 3.5.30729; .NET CLR 3.0.30729; .NET4.0C; .NET4.0E; Media Center PC 6.0)"
0:0:0:0:0:0:0:1 - - [23/Feb/2012:13:11:44 +0800] "GET /JavaAndJavaServerPage/Submit%20Files/555656565.bmp HTTP/1.1" 304 - "http://localhost:8080/JavaAndJavaServerPage/JavaAndJavaServerPage.jsp" "Mozilla/4.0 (compatible; MSIE 8.0; Windows NT 6.1; Trident/4.0; SLCC2; .NET CLR 2.0.50727; .NET CLR 3.5.30729; .NET CLR 3.0.30729; .NET4.0C; .NET4.0E; Media Center PC 6.0)"
0:0:0:0:0:0:0:1 - - [23/Feb/2012:13:11:44 +0800] "GET /JavaAndJavaServerPage/W.jpg HTTP/1.1" 304 - "http://localhost:8080/JavaAndJavaServerPage/JavaAndJavaServerPage.jsp" "Mozilla/4.0 (compatible; MSIE 8.0; Windows NT 6.1; Trident/4.0; SLCC2; .NET CLR 2.0.50727; .NET CLR 3.5.30729; .NET CLR 3.0.30729; .NET4.0C; .NET4.0E; Media Center PC 6.0)"
0:0:0:0:0:0:0:1 - - [23/Feb/2012:13:11:44 +0800] "GET /JavaAndJavaServerPage/Submit%20Files/W.jpg HTTP/1.1" 304 - "http://localhost:8080/JavaAndJavaServerPage/JavaAndJavaServerPage.jsp" "Mozilla/4.0 (compatible; MSIE 8.0; Windows NT 6.1; Trident/4.0; SLCC2; .NET CLR 2.0.50727; .NET CLR 3.5.30729; .NET CLR 3.0.30729; .NET4.0C; .NET4.0E; Media Center PC 6.0)"
0:0:0:0:0:0:0:1 - - [23/Feb/2012:13:11:44 +0800] "POST /JavaAndJavaServerPage/JavaAndJavaServerPage.jsp HTTP/1.1" 200 947970 "http://localhost:8080/JavaAndJavaServerPage/JavaAndJavaServerPage.jsp" "Mozilla/4.0 (compatible; MSIE 8.0; Windows NT 6.1; Trident/4.0; SLCC2; .NET CLR 2.0.50727; .NET CLR 3.5.30729; .NET CLR 3.0.30729; .NET4.0C; .NET4.0E; Media Center PC 6.0)"
0:0:0:0:0:0:0:1 - - [23/Feb/2012:13:12:36 +0800] "POST /JavaAndJavaServerPage/JavaServerPagePrograming2.jsp HTTP/1.1" 500 2381 "http://localhost:8080/JavaAndJavaServerPage/JavaAndJavaServerPage.jsp" "Mozilla/4.0 (compatible; MSIE 8.0; Windows NT 6.1; Trident/4.0; SLCC2; .NET CLR 2.0.50727; .NET CLR 3.5.30729; .NET CLR 3.0.30729; .NET4.0C; .NET4.0E; Media Center PC 6.0)"
0:0:0:0:0:0:0:1 - - [23/Feb/2012:13:20:18 +0800] "GET /JavaServerPagePrograming/JavaAndJavaServerPage.jsp HTTP/1.1" 404 1059 "-" "Mozilla/4.0 (compatible; MSIE 8.0; Windows NT 6.1; Trident/4.0; SLCC2; .NET CLR 2.0.50727; .NET CLR 3.5.30729; .NET CLR 3.0.30729; .NET4.0C; .NET4.0E; Media Center PC 6.0)"
0:0:0:0:0:0:0:1 - - [23/Feb/2012:13:20:41 +0800] "GET /JavaAndJavaServerPage/JavaAndJavaServerPage.jsp HTTP/1.1" 200 10346 "-" "Mozilla/4.0 (compatible; MSIE 8.0; Windows NT 6.1; Trident/4.0; SLCC2; .NET CLR 2.0.50727; .NET CLR 3.5.30729; .NET CLR 3.0.30729; .NET4.0C; .NET4.0E; Media Center PC 6.0)"
0:0:0:0:0:0:0:1 - - [23/Feb/2012:13:20:42 +0800] "GET /JavaAndJavaServerPage/W.jpg HTTP/1.1" 304 - "http://localhost:8080/JavaAndJavaServerPage/JavaAndJavaServerPage.jsp" "Mozilla/4.0 (compatible; MSIE 8.0; Windows NT 6.1; Trident/4.0; SLCC2; .NET CLR 2.0.50727; .NET CLR 3.5.30729; .NET CLR 3.0.30729; .NET4.0C; .NET4.0E; Media Center PC 6.0)"
0:0:0:0:0:0:0:1 - - [23/Feb/2012:13:20:42 +0800] "GET /JavaAndJavaServerPage/X.jpg HTTP/1.1" 304 - "http://localhost:8080/JavaAndJavaServerPage/JavaAndJavaServerPage.jsp" "Mozilla/4.0 (compatible; MSIE 8.0; Windows NT 6.1; Trident/4.0; SLCC2; .NET CLR 2.0.50727; .NET CLR 3.5.30729; .NET CLR 3.0.30729; .NET4.0C; .NET4.0E; Media Center PC 6.0)"
0:0:0:0:0:0:0:1 - - [23/Feb/2012:13:20:42 +0800] "GET /JavaAndJavaServerPage/Submit%20Files/null HTTP/1.1" 304 - "http://localhost:8080/JavaAndJavaServerPage/JavaAndJavaServerPage.jsp" "Mozilla/4.0 (compatible; MSIE 8.0; Windows NT 6.1; Trident/4.0; SLCC2; .NET CLR 2.0.50727; .NET CLR 3.5.30729; .NET CLR 3.0.30729; .NET4.0C; .NET4.0E; Media Center PC 6.0)"
0:0:0:0:0:0:0:1 - - [23/Feb/2012:13:20:42 +0800] "GET /JavaAndJavaServerPage/Submit%20Files/W.jpg HTTP/1.1" 304 - "http://localhost:8080/JavaAndJavaServerPage/JavaAndJavaServerPage.jsp" "Mozilla/4.0 (compatible; MSIE 8.0; Windows NT 6.1; Trident/4.0; SLCC2; .NET CLR 2.0.50727; .NET CLR 3.5.30729; .NET CLR 3.0.30729; .NET4.0C; .NET4.0E; Media Center PC 6.0)"
127.0.0.1 - - [23/Feb/2012:13:20:45 +0800] "GET /JavaAndJavaServerPage/Julia.class HTTP/1.1" 304 - "-" "Mozilla/4.0 (Windows 7 6.1) Java/1.6.0_21"
0:0:0:0:0:0:0:1 - - [23/Feb/2012:13:21:28 +0800] "POST /JavaAndJavaServerPage/JavaAndJavaServerPage.jsp HTTP/1.1" 200 10618 "http://localhost:8080/JavaAndJavaServerPage/JavaAndJavaServerPage.jsp" "Mozilla/4.0 (compatible; MSIE 8.0; Windows NT 6.1; Trident/4.0; SLCC2; .NET CLR 2.0.50727; .NET CLR 3.5.30729; .NET CLR 3.0.30729; .NET4.0C; .NET4.0E; Media Center PC 6.0)"
0:0:0:0:0:0:0:1 - - [23/Feb/2012:13:21:28 +0800] "GET /JavaAndJavaServerPage/Submit%20Files/1-100102121641.jpg HTTP/1.1" 200 521331 "http://localhost:8080/JavaAndJavaServerPage/JavaAndJavaServerPage.jsp" "Mozilla/4.0 (compatible; MSIE 8.0; Windows NT 6.1; Trident/4.0; SLCC2; .NET CLR 2.0.50727; .NET CLR 3.5.30729; .NET CLR 3.0.30729; .NET4.0C; .NET4.0E; Media Center PC 6.0)"
0:0:0:0:0:0:0:1 - - [23/Feb/2012:13:22:07 +0800] "POST /JavaAndJavaServerPage/JavaServerPagePrograming2.jsp HTTP/1.1" 500 2381 "http://localhost:8080/JavaAndJavaServerPage/JavaAndJavaServerPage.jsp" "Mozilla/4.0 (compatible; MSIE 8.0; Windows NT 6.1; Trident/4.0; SLCC2; .NET CLR 2.0.50727; .NET CLR 3.5.30729; .NET CLR 3.0.30729; .NET4.0C; .NET4.0E; Media Center PC 6.0)"
0:0:0:0:0:0:0:1 - - [23/Feb/2012:13:24:24 +0800] "POST /JavaAndJavaServerPage/JavaServerPagePrograming2.jsp HTTP/1.1" 500 2383 "http://localhost:8080/JavaAndJavaServerPage/JavaAndJavaServerPage.jsp" "Mozilla/4.0 (compatible; MSIE 8.0; Windows NT 6.1; Trident/4.0; SLCC2; .NET CLR 2.0.50727; .NET CLR 3.5.30729; .NET CLR 3.0.30729; .NET4.0C; .NET4.0E; Media Center PC 6.0)"
0:0:0:0:0:0:0:1 - - [23/Feb/2012:13:24:51 +0800] "POST /JavaAndJavaServerPage/JavaServerPagePrograming2.jsp HTTP/1.1" 200 101 "http://localhost:8080/JavaAndJavaServerPage/JavaAndJavaServerPage.jsp" "Mozilla/4.0 (compatible; MSIE 8.0; Windows NT 6.1; Trident/4.0; SLCC2; .NET CLR 2.0.50727; .NET CLR 3.5.30729; .NET CLR 3.0.30729; .NET4.0C; .NET4.0E; Media Center PC 6.0)"
0:0:0:0:0:0:0:1 - - [23/Feb/2012:13:26:08 +0800] "POST /JavaAndJavaServerPage/JavaServerPagePrograming2.jsp HTTP/1.1" 500 2383 "http://localhost:8080/JavaAndJavaServerPage/JavaAndJavaServerPage.jsp" "Mozilla/4.0 (compatible; MSIE 8.0; Windows NT 6.1; Trident/4.0; SLCC2; .NET CLR 2.0.50727; .NET CLR 3.5.30729; .NET CLR 3.0.30729; .NET4.0C; .NET4.0E; Media Center PC 6.0)"
127.0.0.1 - - [23/Feb/2012:13:27:27 +0800] "GET /JavaAndJavaServerPage/Julia.class HTTP/1.1" 304 - "-" "Mozilla/4.0 (Windows 7 6.1) Java/1.6.0_21"
0:0:0:0:0:0:0:1 - - [23/Feb/2012:13:27:31 +0800] "POST /JavaAndJavaServerPage/JavaServerPagePrograming2.jsp HTTP/1.1" 500 2383 "http://localhost:8080/JavaAndJavaServerPage/JavaAndJavaServerPage.jsp" "Mozilla/4.0 (compatible; MSIE 8.0; Windows NT 6.1; Trident/4.0; SLCC2; .NET CLR 2.0.50727; .NET CLR 3.5.30729; .NET CLR 3.0.30729; .NET4.0C; .NET4.0E; Media Center PC 6.0)"
127.0.0.1 - - [23/Feb/2012:13:28:45 +0800] "GET /JavaAndJavaServerPage/Julia.class HTTP/1.1" 304 - "-" "Mozilla/4.0 (Windows 7 6.1) Java/1.6.0_21"
0:0:0:0:0:0:0:1 - - [23/Feb/2012:13:28:47 +0800] "POST /JavaAndJavaServerPage/JavaServerPagePrograming2.jsp HTTP/1.1" 200 101 "http://localhost:8080/JavaAndJavaServerPage/JavaAndJavaServerPage.jsp" "Mozilla/4.0 (compatible; MSIE 8.0; Windows NT 6.1; Trident/4.0; SLCC2; .NET CLR 2.0.50727; .NET CLR 3.5.30729; .NET CLR 3.0.30729; .NET4.0C; .NET4.0E; Media Center PC 6.0)"
0:0:0:0:0:0:0:1 - - [23/Feb/2012:13:30:36 +0800] "POST /JavaAndJavaServerPage/JavaServerPagePrograming2.jsp HTTP/1.1" 500 2383 "http://localhost:8080/JavaAndJavaServerPage/JavaAndJavaServerPage.jsp" "Mozilla/4.0 (compatible; MSIE 8.0; Windows NT 6.1; Trident/4.0; SLCC2; .NET CLR 2.0.50727; .NET CLR 3.5.30729; .NET CLR 3.0.30729; .NET4.0C; .NET4.0E; Media Center PC 6.0)"
0:0:0:0:0:0:0:1 - - [23/Feb/2012:13:31:25 +0800] "POST /JavaAndJavaServerPage/JavaServerPagePrograming2.jsp HTTP/1.1" 500 2383 "http://localhost:8080/JavaAndJavaServerPage/JavaAndJavaServerPage.jsp" "Mozilla/4.0 (compatible; MSIE 8.0; Windows NT 6.1; Trident/4.0; SLCC2; .NET CLR 2.0.50727; .NET CLR 3.5.30729; .NET CLR 3.0.30729; .NET4.0C; .NET4.0E; Media Center PC 6.0)"
127.0.0.1 - - [23/Feb/2012:13:32:46 +0800] "GET /JavaAndJavaServerPage/Julia.class HTTP/1.1" 304 - "-" "Mozilla/4.0 (Windows 7 6.1) Java/1.6.0_21"
0:0:0:0:0:0:0:1 - - [23/Feb/2012:13:32:56 +0800] "POST /JavaAndJavaServerPage/JavaServerPagePrograming2.jsp HTTP/1.1" 200 125789 "http://localhost:8080/JavaAndJavaServerPage/JavaAndJavaServerPage.jsp" "Mozilla/4.0 (compatible; MSIE 8.0; Windows NT 6.1; Trident/4.0; SLCC2; .NET CLR 2.0.50727; .NET CLR 3.5.30729; .NET CLR 3.0.30729; .NET4.0C; .NET4.0E; Media Center PC 6.0)"
0:0:0:0:0:0:0:1 - - [23/Feb/2012:13:34:13 +0800] "POST /JavaAndJavaServerPage/JavaServerPagePrograming2.jsp HTTP/1.1" 200 125789 "http://localhost:8080/JavaAndJavaServerPage/JavaAndJavaServerPage.jsp" "Mozilla/4.0 (compatible; MSIE 8.0; Windows NT 6.1; Trident/4.0; SLCC2; .NET CLR 2.0.50727; .NET CLR 3.5.30729; .NET CLR 3.0.30729; .NET4.0C; .NET4.0E; Media Center PC 6.0)"
0:0:0:0:0:0:0:1 - - [23/Feb/2012:13:36:27 +0800] "POST /JavaAndJavaServerPage/JavaServerPagePrograming2.jsp HTTP/1.1" 200 69160 "http://localhost:8080/JavaAndJavaServerPage/JavaAndJavaServerPage.jsp" "Mozilla/4.0 (compatible; MSIE 8.0; Windows NT 6.1; Trident/4.0; SLCC2; .NET CLR 2.0.50727; .NET CLR 3.5.30729; .NET CLR 3.0.30729; .NET4.0C; .NET4.0E; Media Center PC 6.0)"
0:0:0:0:0:0:0:1 - - [23/Feb/2012:13:38:02 +0800] "POST /JavaAndJavaServerPage/JavaServerPagePrograming2.jsp HTTP/1.1" 200 69160 "http://localhost:8080/JavaAndJavaServerPage/JavaAndJavaServerPage.jsp" "Mozilla/4.0 (compatible; MSIE 8.0; Windows NT 6.1; Trident/4.0; SLCC2; .NET CLR 2.0.50727; .NET CLR 3.5.30729; .NET CLR 3.0.30729; .NET4.0C; .NET4.0E; Media Center PC 6.0)"
0:0:0:0:0:0:0:1 - - [23/Feb/2012:19:46:09 +0800] "GET /JavaAndJavaServerPage/JavaAndJavaServerPage.jsp HTTP/1.1" 500 0 "-" "Mozilla/4.0 (compatible; MSIE 8.0; Windows NT 6.1; Trident/4.0; SLCC2; .NET CLR 2.0.50727; .NET CLR 3.5.30729; .NET CLR 3.0.30729; .NET4.0C; .NET4.0E; Media Center PC 6.0)"
0:0:0:0:0:0:0:1 - - [23/Feb/2012:19:47:11 +0800] "GET /servlet/JavaAndServlet/JavaAndServlet HTTP/1.1" 500 0 "-" "Mozilla/4.0 (compatible; MSIE 8.0; Windows NT 6.1; Trident/4.0; SLCC2; .NET CLR 2.0.50727; .NET CLR 3.5.30729; .NET CLR 3.0.30729; .NET4.0C; .NET4.0E; Media Center PC 6.0)"
0:0:0:0:0:0:0:1 - - [23/Feb/2012:19:47:35 +0800] "GET /servlet/JavaAndServlet/JavaAndServlet HTTP/1.1" 500 0 "-" "Mozilla/4.0 (compatible; MSIE 8.0; Windows NT 6.1; Trident/4.0; SLCC2; .NET CLR 2.0.50727; .NET CLR 3.5.30729; .NET CLR 3.0.30729; .NET4.0C; .NET4.0E; Media Center PC 6.0)"
0:0:0:0:0:0:0:1 - - [23/Feb/2012:19:48:55 +0800] "GET /servlet/JavaAndServlet/JavaAndServlet HTTP/1.1" 404 1046 "-" "Mozilla/4.0 (compatible; MSIE 8.0; Windows NT 6.1; Trident/4.0; SLCC2; .NET CLR 2.0.50727; .NET CLR 3.5.30729; .NET CLR 3.0.30729; .NET4.0C; .NET4.0E; Media Center PC 6.0)"
0:0:0:0:0:0:0:1 - - [23/Feb/2012:19:50:33 +0800] "GET /servlet/JavaAndServlet/JavaAndServlet HTTP/1.1" 404 1046 "-" "Mozilla/4.0 (compatible; MSIE 8.0; Windows NT 6.1; Trident/4.0; SLCC2; .NET CLR 2.0.50727; .NET CLR 3.5.30729; .NET CLR 3.0.30729; .NET4.0C; .NET4.0E; Media Center PC 6.0)"
0:0:0:0:0:0:0:1 - - [23/Feb/2012:19:50:36 +0800] "GET /servlet/JavaAndServlet/JavaAndServlet HTTP/1.1" 404 1046 "-" "Mozilla/4.0 (compatible; MSIE 8.0; Windows NT 6.1; Trident/4.0; SLCC2; .NET CLR 2.0.50727; .NET CLR 3.5.30729; .NET CLR 3.0.30729; .NET4.0C; .NET4.0E; Media Center PC 6.0)"
0:0:0:0:0:0:0:1 - - [23/Feb/2012:19:50:38 +0800] "GET /servlet/JavaAndServlet/JavaAndServlet HTTP/1.1" 404 1046 "-" "Mozilla/4.0 (compatible; MSIE 8.0; Windows NT 6.1; Trident/4.0; SLCC2; .NET CLR 2.0.50727; .NET CLR 3.5.30729; .NET CLR 3.0.30729; .NET4.0C; .NET4.0E; Media Center PC 6.0)"
0:0:0:0:0:0:0:1 - - [23/Feb/2012:19:50:42 +0800] "GET /servlet/JavaAndServlet/JavaAndServlet HTTP/1.1" 404 1046 "-" "Mozilla/4.0 (compatible; MSIE 8.0; Windows NT 6.1; Trident/4.0; SLCC2; .NET CLR 2.0.50727; .NET CLR 3.5.30729; .NET CLR 3.0.30729; .NET4.0C; .NET4.0E; Media Center PC 6.0)"
0:0:0:0:0:0:0:1 - - [23/Feb/2012:19:50:42 +0800] "GET /servlet/JavaAndServlet/JavaAndServlet HTTP/1.1" 404 1046 "-" "Mozilla/4.0 (compatible; MSIE 8.0; Windows NT 6.1; Trident/4.0; SLCC2; .NET CLR 2.0.50727; .NET CLR 3.5.30729; .NET CLR 3.0.30729; .NET4.0C; .NET4.0E; Media Center PC 6.0)"
0:0:0:0:0:0:0:1 - - [23/Feb/2012:19:50:43 +0800] "GET /servlet/JavaAndServlet/JavaAndServlet HTTP/1.1" 404 1046 "-" "Mozilla/4.0 (compatible; MSIE 8.0; Windows NT 6.1; Trident/4.0; SLCC2; .NET CLR 2.0.50727; .NET CLR 3.5.30729; .NET CLR 3.0.30729; .NET4.0C; .NET4.0E; Media Center PC 6.0)"
0:0:0:0:0:0:0:1 - - [23/Feb/2012:19:50:50 +0800] "GET /servlet/JavaAndServlet/JavaAndServlet HTTP/1.1" 404 1046 "-" "Mozilla/4.0 (compatible; MSIE 8.0; Windows NT 6.1; Trident/4.0; SLCC2; .NET CLR 2.0.50727; .NET CLR 3.5.30729; .NET CLR 3.0.30729; .NET4.0C; .NET4.0E; Media Center PC 6.0)"
0:0:0:0:0:0:0:1 - - [23/Feb/2012:19:50:51 +0800] "GET /servlet/JavaAndServlet/JavaAndServlet HTTP/1.1" 404 1046 "-" "Mozilla/4.0 (compatible; MSIE 8.0; Windows NT 6.1; Trident/4.0; SLCC2; .NET CLR 2.0.50727; .NET CLR 3.5.30729; .NET CLR 3.0.30729; .NET4.0C; .NET4.0E; Media Center PC 6.0)"
0:0:0:0:0:0:0:1 - - [23/Feb/2012:19:50:52 +0800] "GET /servlet/JavaAndServlet/JavaAndServlet HTTP/1.1" 404 1046 "-" "Mozilla/4.0 (compatible; MSIE 8.0; Windows NT 6.1; Trident/4.0; SLCC2; .NET CLR 2.0.50727; .NET CLR 3.5.30729; .NET CLR 3.0.30729; .NET4.0C; .NET4.0E; Media Center PC 6.0)"
0:0:0:0:0:0:0:1 - - [23/Feb/2012:19:50:54 +0800] "GET /servlet/JavaAndServlet/JavaAndServlet HTTP/1.1" 404 1046 "-" "Mozilla/4.0 (compatible; MSIE 8.0; Windows NT 6.1; Trident/4.0; SLCC2; .NET CLR 2.0.50727; .NET CLR 3.5.30729; .NET CLR 3.0.30729; .NET4.0C; .NET4.0E; Media Center PC 6.0)"
0:0:0:0:0:0:0:1 - - [23/Feb/2012:19:51:32 +0800] "GET /servlet/JavaAndServlet HTTP/1.1" 404 1031 "-" "Mozilla/4.0 (compatible; MSIE 8.0; Windows NT 6.1; Trident/4.0; SLCC2; .NET CLR 2.0.50727; .NET CLR 3.5.30729; .NET CLR 3.0.30729; .NET4.0C; .NET4.0E; Media Center PC 6.0)"
0:0:0:0:0:0:0:1 - - [23/Feb/2012:19:51:39 +0800] "GET /servlet/JavaAndServlet/JavaAndServlet HTTP/1.1" 404 1046 "-" "Mozilla/4.0 (compatible; MSIE 8.0; Windows NT 6.1; Trident/4.0; SLCC2; .NET CLR 2.0.50727; .NET CLR 3.5.30729; .NET CLR 3.0.30729; .NET4.0C; .NET4.0E; Media Center PC 6.0)"
0:0:0:0:0:0:0:1 - - [23/Feb/2012:19:51:46 +0800] "GET /JavaAndJavaServerPage/JavaAndJavaServerPage.jsp HTTP/1.1" 200 4310 "-" "Mozilla/4.0 (compatible; MSIE 8.0; Windows NT 6.1; Trident/4.0; SLCC2; .NET CLR 2.0.50727; .NET CLR 3.5.30729; .NET CLR 3.0.30729; .NET4.0C; .NET4.0E; Media Center PC 6.0)"
0:0:0:0:0:0:0:1 - - [23/Feb/2012:19:51:49 +0800] "GET /servlet/JavaAndServlet HTTP/1.1" 404 1031 "-" "Mozilla/4.0 (compatible; MSIE 8.0; Windows NT 6.1; Trident/4.0; SLCC2; .NET CLR 2.0.50727; .NET CLR 3.5.30729; .NET CLR 3.0.30729; .NET4.0C; .NET4.0E; Media Center PC 6.0)"
0:0:0:0:0:0:0:1 - - [23/Feb/2012:19:52:07 +0800] "GET /servlet/JavaAndServlet/JavaAndServlet HTTP/1.1" 404 1046 "-" "Mozilla/4.0 (compatible; MSIE 8.0; Windows NT 6.1; Trident/4.0; SLCC2; .NET CLR 2.0.50727; .NET CLR 3.5.30729; .NET CLR 3.0.30729; .NET4.0C; .NET4.0E; Media Center PC 6.0)"
0:0:0:0:0:0:0:1 - - [23/Feb/2012:19:52:56 +0800] "GET /servlet/JavaAndServlet HTTP/1.1" 404 1031 "-" "Mozilla/4.0 (compatible; MSIE 8.0; Windows NT 6.1; Trident/4.0; SLCC2; .NET CLR 2.0.50727; .NET CLR 3.5.30729; .NET CLR 3.0.30729; .NET4.0C; .NET4.0E; Media Center PC 6.0)"
0:0:0:0:0:0:0:1 - - [23/Feb/2012:19:53:10 +0800] "GET /servlet/JavaAndServlet/JavaAndServlet HTTP/1.1" 404 1046 "-" "Mozilla/4.0 (compatible; MSIE 8.0; Windows NT 6.1; Trident/4.0; SLCC2; .NET CLR 2.0.50727; .NET CLR 3.5.30729; .NET CLR 3.0.30729; .NET4.0C; .NET4.0E; Media Center PC 6.0)"
0:0:0:0:0:0:0:1 - - [23/Feb/2012:19:53:33 +0800] "GET /servlet/JavaAndServlet HTTP/1.1" 404 1031 "-" "Mozilla/4.0 (compatible; MSIE 8.0; Windows NT 6.1; Trident/4.0; SLCC2; .NET CLR 2.0.50727; .NET CLR 3.5.30729; .NET CLR 3.0.30729; .NET4.0C; .NET4.0E; Media Center PC 6.0)"
0:0:0:0:0:0:0:1 - - [23/Feb/2012:19:55:23 +0800] "GET /servlet/JavaAndServlet HTTP/1.1" 404 1031 "-" "Mozilla/4.0 (compatible; MSIE 8.0; Windows NT 6.1; Trident/4.0; SLCC2; .NET CLR 2.0.50727; .NET CLR 3.5.30729; .NET CLR 3.0.30729; .NET4.0C; .NET4.0E; Media Center PC 6.0)"
0:0:0:0:0:0:0:1 - - [23/Feb/2012:19:55:41 +0800] "GET /servlet/JavaAndServlet HTTP/1.1" 404 1031 "-" "Mozilla/4.0 (compatible; MSIE 8.0; Windows NT 6.1; Trident/4.0; SLCC2; .NET CLR 2.0.50727; .NET CLR 3.5.30729; .NET CLR 3.0.30729; .NET4.0C; .NET4.0E; Media Center PC 6.0)"
0:0:0:0:0:0:0:1 - - [24/Feb/2012:12:37:42 +0800] "GET /servlet/JavaAndServlet/JavaAndServlet HTTP/1.1" 404 1046 "-" "Mozilla/4.0 (compatible; MSIE 8.0; Windows NT 6.1; Trident/4.0; SLCC2; .NET CLR 2.0.50727; .NET CLR 3.5.30729; .NET CLR 3.0.30729; .NET4.0C; .NET4.0E; Media Center PC 6.0)"
